id,numeral,version,__red_herring
1,"1","pi","not"
2,"one","3.14","this"
3,"true",,"one"
